: changing permissions of '/dev/shm': Permission denied
chmod: changing permissions of '/dev/mqueue': Permission denied
rm: cannot remove '/etc/post-install/01-devices.post': Permission denied
rm: cannot remove '/etc/post-install/03-mtab.post': Permission denied
rm: cannot remove '/etc/post-install/06-windows-files.post': Permission denied
rm: cannot remove '/etc/post-install/99-post-install-cleanup.post': Permission denied

gerry@andfinity-001 MINGW64 ~
$ cat .ssh/id_rsa.pub
ssh-rsa AAAAB3NzaC1yc2EAAAADAQABAAABgQDNBK5W3OoDuDELLrDdtJ/kXsRjDPrIQniLiKscf6X4a3FbWuKO/HLeT99elsmdaIfEtQUNUVJcwA9/n62iapm4oxUDdCxZpBEJsATc9YCNB0I75YFtmVepnulsE5JpwFpAgO4SL6g06tdkjUFBeH4VGLUB/Z2B1bf0CxjCOarVJYlPTjcX28KmJOl+JpV7Fh5AQZZOFWFplsGhq37MUpMipJN0b3711jFXblZeVHc2ftkpB81t9Mg/0ECjgr6aS3cT1DTbv+8TDf1EiiM46Zd++d/MPkggHfcfFc7NTMIDcUZxhlRJeAEZaLy2E8FmHmfU3sWVY78MJgSGsKtg2WbuVXwxGXOfpZgb0EnCFxQ6bERN6Zk1LZrX+EA0KOTRLDScv7FpVhIi2cMV6YM9vdkiqCAKmmstz/3ZgyBvW3P6gI7eMLDpwOD422Db34/E8JMiiTatDd6EXD9PNnJVbvGXMTa104NjxoX0nGP7uF/X8yxl6MWvJnxiXhU65tL5LQM= gerry@andfinity-001

gerry@andfinity-001 MINGW64 ~
$ pwd
/c/Users/gerry

gerry@andfinity-001 MINGW64 ~
$ ssh sysadmin@52.235.56.92
Welcome to Ubuntu 18.04.4 LTS (GNU/Linux 5.3.0-1034-azure x86_64)

 * Documentation:  https://help.ubuntu.com
 * Management:     https://landscape.canonical.com
 * Support:        https://ubuntu.com/advantage

 System information disabled due to load higher than 1.0

 * Are you ready for Kubernetes 1.19? It's nearly here! Try RC3 with
   sudo snap install microk8s --channel=1.19/candidate --classic

   https://microk8s.io/ has docs and details.

12 packages can be updated.
0 updates are security updates.


Last login: Fri Aug 14 00:10:12 2020 from 70.55.44.172

sysadmin@Jump-Box-Provisioner:~$
sysadmin@Jump-Box-Provisioner:~$ sysadmin@10.0.0.5
sysadmin@10.0.0.5: command not found
sysadmin@Jump-Box-Provisioner:~$ ssh sysadmin@10.0.0.5
The authenticity of host '10.0.0.5 (10.0.0.5)' can't be established.
ECDSA key fingerprint is SHA256:zobu3IdLVHHdebZ+jlUk0bBkQOc0BPtpSAkqNaGV2Qo.
Are you sure you want to continue connecting (yes/no)?
Host key verification failed.
sysadmin@Jump-Box-Provisioner:~$
sysadmin@Jump-Box-Provisioner:~$ sudo docker ps -a
CONTAINER ID        IMAGE                           COMMAND                  CREATED             STATUS                      PORTS               NAMES
f1c0183af974        cyberxsecurity/ansible          "/bin/bash"              29 minutes ago      Exited (1) 26 minutes ago                       vibrant_mendel
ffc47c23dc78        cyberxsecurity/ansible          "/bin/bash"              About an hour ago   Exited (7) 31 minutes ago                       nostalgic_hypatia
44f7a95d5c48        cyberxsecurity/ansible          "/bin/bash"              5 hours ago         Up 4 hours                                      vigorous_wilbur
0af702f0acb8        cyberxsecurity/ansible:latest   "bash"                   5 hours ago         Exited (0) 5 hours ago                          amazing_yalow
ddfec9d7f4f4        cyberxsecurity/ansible:latest   "bash"                   5 hours ago         Exited (99) 5 hours ago                         pedantic_williams
09ed098ebbd5        cyberxsecurity/ansible:latest   "bash"                   5 hours ago         Exited (127) 5 hours ago                        unruffled_tesla
c74c70c7dc8c        cyberxsecurity/ansible          "/bin/bash"              2 days ago          Exited (150) 46 hours ago                       intelligent_bhabha
7a5fb6a5320a        cyberxsecurity/ansible          "bash"                   5 days ago          Exited (1) 5 days ago                           ecstatic_hamilton
da9b6d32e68c        cyberxsecurity/ansible          "/bin/bash -o pipefa…"   5 days ago          Exited (0) 5 days ago                           loving_einstein
sysadmin@Jump-Box-Provisioner:~$ sudo docker restart
"docker restart" requires at least 1 argument.
See 'docker restart --help'.

Usage:  docker restart [OPTIONS] CONTAINER [CONTAINER...]

Restart one or more containers
sysadmin@Jump-Box-Provisioner:~$ sudo docker ps
CONTAINER ID        IMAGE                    COMMAND             CREATED             STATUS              PORTS               NAMES
44f7a95d5c48        cyberxsecurity/ansible   "/bin/bash"         5 hours ago         Up 4 hours                              vigorous_wilbur
sysadmin@Jump-Box-Provisioner:~$ sudo docker restart vigorous_wilbur
vigorous_wilbur
sysadmin@Jump-Box-Provisioner:~$ sudo docker attach vigorous_wilbur
root@44f7a95d5c48:~# ls -la .ssh
total 20
drwx------ 2 root root 4096 Aug 13 20:56 .
drwx------ 1 root root 4096 Aug 13 20:38 ..
-rw------- 1 root root 1679 Aug 13 19:45 id_rsa
-rw-r--r-- 1 root root  399 Aug 13 19:45 id_rsa.pub
-rw-r--r-- 1 root root  222 Aug 13 20:56 known_hosts
root@44f7a95d5c48:~# ssh sysadmin@10.0.0.5
The authenticity of host '10.0.0.5 (10.0.0.5)' can't be established.
ECDSA key fingerprint is SHA256:zobu3IdLVHHdebZ+jlUk0bBkQOc0BPtpSAkqNaGV2Qo.
Are you sure you want to continue connecting (yes/no)? yes
Warning: Permanently added '10.0.0.5' (ECDSA) to the list of known hosts.
Welcome to Ubuntu 18.04.4 LTS (GNU/Linux 5.3.0-1034-azure x86_64)

 * Documentation:  https://help.ubuntu.com
 * Management:     https://landscape.canonical.com
 * Support:        https://ubuntu.com/advantage

  System information as of Fri Aug 14 00:21:21 UTC 2020

  System load:  0.02              Processes:           116
  Usage of /:   4.6% of 28.90GB   Users logged in:     0
  Memory usage: 3%                IP address for eth0: 10.0.0.5
  Swap usage:   0%

 * Are you ready for Kubernetes 1.19? It's nearly here! Try RC3 with
   sudo snap install microk8s --channel=1.19/candidate --classic

   https://microk8s.io/ has docs and details.

12 packages can be updated.
0 updates are security updates.



The programs included with the Ubuntu system are free software;
the exact distribution terms for each program are described in the
individual files in /usr/share/doc/*/copyright.

Ubuntu comes with ABSOLUTELY NO WARRANTY, to the extent permitted by
applicable law.

To run a command as administrator (user "root"), use "sudo <command>".
See "man sudo_root" for details.

sysadmin@Web1:~$ sudo docker ps -a
sudo: docker: command not found
sysadmin@Web1:~$ exit
logout
Connection to 10.0.0.5 closed.
root@44f7a95d5c48:~# cat pentest.yml
cat: pentest.yml: No such file or directory
root@44f7a95d5c48:~# ls
root@44f7a95d5c48:~# pwd
/root
root@44f7a95d5c48:~# cd /ets/ansible
bash: cd: /ets/ansible: No such file or directory
root@44f7a95d5c48:~# cd /etc/ansible
root@44f7a95d5c48:/etc/ansible# ls
ansible.cfg  hosts  pentest.yml  roles
root@44f7a95d5c48:/etc/ansible# cat pentest.yml
---
- name: Config Web VM with Docker
  hosts: webservers
  become: true
  tasks:
  - name: docker.io
    apt:
      force_apt_get: yes
      name: docker.io
      state: present

  - name: Install.pip
    apt:
      force_apt_get: yes
      name: python.pip
      state: present

  - name: Install Docker python module
    pip:
    name: docker
    state: present

  - name: download and lauch a docker web container
    docker_container:
      name: dvwa
      image: cyberxsecurity/dvwa
      state: started
      restart_policy: always
      published_ports: 80:80

  - name: Enable docker service
    systemd:
      name: docker
      enabled: yes
root@44f7a95d5c48:/etc/ansible# cat ansible.cfg
# config file for ansible -- https://ansible.com/
# ===============================================

# nearly all parameters can be overridden in ansible-playbook
# or with command line flags. ansible will read ANSIBLE_CONFIG,
# ansible.cfg in the current working directory, .ansible.cfg in
# the home directory or /etc/ansible/ansible.cfg, whichever it
# finds first

[defaults]

# some basic default values...

#inventory      = /etc/ansible/hosts
#library        = /usr/share/my_modules/
#module_utils   = /usr/share/my_module_utils/
#remote_tmp     = ~/.ansible/tmp
#local_tmp      = ~/.ansible/tmp
#plugin_filters_cfg = /etc/ansible/plugin_filters.yml
#forks          = 5
#poll_interval  = 15
#sudo_user      = root
#ask_sudo_pass = True
#ask_pass      = True
#transport      = smart
#remote_port    = 22
#module_lang    = C
#module_set_locale = False

# plays will gather facts by default, which contain information about
# the remote system.
#
# smart - gather by default, but don't regather if already gathered
# implicit - gather by default, turn off with gather_facts: False
# explicit - do not gather by default, must say gather_facts: True
#gathering = implicit

# This only affects the gathering done by a play's gather_facts directive,
# by default gathering retrieves all facts subsets
# all - gather all subsets
# network - gather min and network facts
# hardware - gather hardware facts (longest facts to retrieve)
# virtual - gather min and virtual facts
# facter - import facts from facter
# ohai - import facts from ohai
# You can combine them using comma (ex: network,virtual)
# You can negate them using ! (ex: !hardware,!facter,!ohai)
# A minimal set of facts is always gathered.
#gather_subset = all

# some hardware related facts are collected
# with a maximum timeout of 10 seconds. This
# option lets you increase or decrease that
# timeout to something more suitable for the
# environment.
# gather_timeout = 10

# Ansible facts are available inside the ansible_facts.* dictionary
# namespace. This setting maintains the behaviour which was the default prior
# to 2.5, duplicating these variables into the main namespace, each with a
# prefix of 'ansible_'.
# This variable is set to True by default for backwards compatibility. It
# will be changed to a default of 'False' in a future release.
# ansible_facts.
# inject_facts_as_vars = True

# additional paths to search for roles in, colon separated
#roles_path    = /etc/ansible/roles

# uncomment this to disable SSH key host checking
#host_key_checking = False

# change the default callback, you can only have one 'stdout' type  enabled at a time.
#stdout_callback = skippy


## Ansible ships with some plugins that require whitelisting,
## this is done to avoid running all of a type by default.
## These setting lists those that you want enabled for your system.
## Custom plugins should not need this unless plugin author specifies it.

# enable callback plugins, they can output to stdout but cannot be 'stdout' type.
#callback_whitelist = timer, mail

# Determine whether includes in tasks and handlers are "static" by
# default. As of 2.0, includes are dynamic by default. Setting these
# values to True will make includes behave more like they did in the
# 1.x versions.
#task_includes_static = False
#handler_includes_static = False

# Controls if a missing handler for a notification event is an error or a warning
#error_on_missing_handler = True

# change this for alternative sudo implementations
#sudo_exe = sudo

# What flags to pass to sudo
# WARNING: leaving out the defaults might create unexpected behaviours
#sudo_flags = -H -S -n

# SSH timeout
#timeout = 10

# default user to use for playbooks if user is not specified
# (/usr/bin/ansible will use current user as default)
remote_user = sysadmin

# logging is off by default unless this path is defined
# if so defined, consider logrotate
#log_path = /var/log/ansible.log

# default module name for /usr/bin/ansible
#module_name = command

# use this shell for commands executed under sudo
# you may need to change this to bin/bash in rare instances
# if sudo is constrained
#executable = /bin/sh

# if inventory variables overlap, does the higher precedence one win
# or are hash values merged together?  The default is 'replace' but
# this can also be set to 'merge'.
#hash_behaviour = replace

# by default, variables from roles will be visible in the global variable
# scope. To prevent this, the following option can be enabled, and only
# tasks and handlers within the role will see the variables there
#private_role_vars = yes

# list any Jinja2 extensions to enable here:
#jinja2_extensions = jinja2.ext.do,jinja2.ext.i18n

# if set, always use this private key file for authentication, same as
# if passing --private-key to ansible or ansible-playbook
#private_key_file = /path/to/file

# If set, configures the path to the Vault password file as an alternative to
# specifying --vault-password-file on the command line.
#vault_password_file = /path/to/vault_password_file

# format of string {{ ansible_managed }} available within Jinja2
# templates indicates to users editing templates files will be replaced.
# replacing {file}, {host} and {uid} and strftime codes with proper values.
#ansible_managed = Ansible managed: {file} modified on %Y-%m-%d %H:%M:%S by {uid} on {host}
# {file}, {host}, {uid}, and the timestamp can all interfere with idempotence
# in some situations so the default is a static string:
#ansible_managed = Ansible managed

# by default, ansible-playbook will display "Skipping [host]" if it determines a task
# should not be run on a host.  Set this to "False" if you don't want to see these "Skipping"
# messages. NOTE: the task header will still be shown regardless of whether or not the
# task is skipped.
#display_skipped_hosts = True

# by default, if a task in a playbook does not include a name: field then
# ansible-playbook will construct a header that includes the task's action but
# not the task's args.  This is a security feature because ansible cannot know
# if the *module* considers an argument to be no_log at the time that the
# header is printed.  If your environment doesn't have a problem securing
# stdout from ansible-playbook (or you have manually specified no_log in your
# playbook on all of the tasks where you have secret information) then you can
# safely set this to True to get more informative messages.
#display_args_to_stdout = False

# by default (as of 1.3), Ansible will raise errors when attempting to dereference
# Jinja2 variables that are not set in templates or action lines. Uncomment this line
# to revert the behavior to pre-1.3.
#error_on_undefined_vars = False

# by default (as of 1.6), Ansible may display warnings based on the configuration of the
# system running ansible itself. This may include warnings about 3rd party packages or
# other conditions that should be resolved if possible.
# to disable these warnings, set the following value to False:
#system_warnings = True

# by default (as of 1.4), Ansible may display deprecation warnings for language
# features that should no longer be used and will be removed in future versions.
# to disable these warnings, set the following value to False:
#deprecation_warnings = True

# (as of 1.8), Ansible can optionally warn when usage of the shell and
# command module appear to be simplified by using a default Ansible module
# instead.  These warnings can be silenced by adjusting the following
# setting or adding warn=yes or warn=no to the end of the command line
# parameter string.  This will for example suggest using the git module
# instead of shelling out to the git command.
# command_warnings = False


# set plugin path directories here, separate with colons
#action_plugins     = /usr/share/ansible/plugins/action
#become_plugins     = /usr/share/ansible/plugins/become
#cache_plugins      = /usr/share/ansible/plugins/cache
#callback_plugins   = /usr/share/ansible/plugins/callback
#connection_plugins = /usr/share/ansible/plugins/connection
#lookup_plugins     = /usr/share/ansible/plugins/lookup
#inventory_plugins  = /usr/share/ansible/plugins/inventory
#vars_plugins       = /usr/share/ansible/plugins/vars
#filter_plugins     = /usr/share/ansible/plugins/filter
#test_plugins       = /usr/share/ansible/plugins/test
#terminal_plugins   = /usr/share/ansible/plugins/terminal
#strategy_plugins   = /usr/share/ansible/plugins/strategy


# by default, ansible will use the 'linear' strategy but you may want to try
# another one
#strategy = free

# by default callbacks are not loaded for /bin/ansible, enable this if you
# want, for example, a notification or logging callback to also apply to
# /bin/ansible runs
#bin_ansible_callbacks = False


# don't like cows?  that's unfortunate.
# set to 1 if you don't want cowsay support or export ANSIBLE_NOCOWS=1
#nocows = 1

# set which cowsay stencil you'd like to use by default. When set to 'random',
# a random stencil will be selected for each task. The selection will be filtered
# against the `cow_whitelist` option below.
#cow_selection = default
#cow_selection = random

# when using the 'random' option for cowsay, stencils will be restricted to this list.
# it should be formatted as a comma-separated list with no spaces between names.
# NOTE: line continuations here are for formatting purposes only, as the INI parser
#       in python does not support them.
#cow_whitelist=bud-frogs,bunny,cheese,daemon,default,dragon,elephant-in-snake,elephant,eyes,\
#              hellokitty,kitty,luke-koala,meow,milk,moofasa,moose,ren,sheep,small,stegosaurus,\
#              stimpy,supermilker,three-eyes,turkey,turtle,tux,udder,vader-koala,vader,www

# don't like colors either?
# set to 1 if you don't want colors, or export ANSIBLE_NOCOLOR=1
#nocolor = 1

# if set to a persistent type (not 'memory', for example 'redis') fact values
# from previous runs in Ansible will be stored.  This may be useful when
# wanting to use, for example, IP information from one group of servers
# without having to talk to them in the same playbook run to get their
# current IP information.
#fact_caching = memory

#This option tells Ansible where to cache facts. The value is plugin dependent.
#For the jsonfile plugin, it should be a path to a local directory.
#For the redis plugin, the value is a host:port:database triplet: fact_caching_connection = localhost:6379:0

#fact_caching_connection=/tmp



# retry files
# When a playbook fails a .retry file can be created that will be placed in ~/
# You can enable this feature by setting retry_files_enabled to True
# and you can change the location of the files by setting retry_files_save_path

#retry_files_enabled = False
#retry_files_save_path = ~/.ansible-retry

# squash actions
# Ansible can optimise actions that call modules with list parameters
# when looping. Instead of calling the module once per with_ item, the
# module is called once with all items at once. Currently this only works
# under limited circumstances, and only with parameters named 'name'.
#squash_actions = apk,apt,dnf,homebrew,pacman,pkgng,yum,zypper

# prevents logging of task data, off by default
#no_log = False

# prevents logging of tasks, but only on the targets, data is still logged on the master/controller
#no_target_syslog = False

# controls whether Ansible will raise an error or warning if a task has no
# choice but to create world readable temporary files to execute a module on
# the remote machine.  This option is False by default for security.  Users may
# turn this on to have behaviour more like Ansible prior to 2.1.x.  See
# https://docs.ansible.com/ansible/become.html#becoming-an-unprivileged-user
# for more secure ways to fix this than enabling this option.
#allow_world_readable_tmpfiles = False

# controls the compression level of variables sent to
# worker processes. At the default of 0, no compression
# is used. This value must be an integer from 0 to 9.
#var_compression_level = 9

# controls what compression method is used for new-style ansible modules when
# they are sent to the remote system.  The compression types depend on having
# support compiled into both the controller's python and the client's python.
# The names should match with the python Zipfile compression types:
# * ZIP_STORED (no compression. available everywhere)
# * ZIP_DEFLATED (uses zlib, the default)
# These values may be set per host via the ansible_module_compression inventory
# variable
#module_compression = 'ZIP_DEFLATED'

# This controls the cutoff point (in bytes) on --diff for files
# set to 0 for unlimited (RAM may suffer!).
#max_diff_size = 1048576

# This controls how ansible handles multiple --tags and --skip-tags arguments
# on the CLI.  If this is True then multiple arguments are merged together.  If
# it is False, then the last specified argument is used and the others are ignored.
# This option will be removed in 2.8.
#merge_multiple_cli_flags = True

# Controls showing custom stats at the end, off by default
#show_custom_stats = True

# Controls which files to ignore when using a directory as inventory with
# possibly multiple sources (both static and dynamic)
#inventory_ignore_extensions = ~, .orig, .bak, .ini, .cfg, .retry, .pyc, .pyo

# This family of modules use an alternative execution path optimized for network appliances
# only update this setting if you know how this works, otherwise it can break module execution
#network_group_modules=eos, nxos, ios, iosxr, junos, vyos

# When enabled, this option allows lookups (via variables like {{lookup('foo')}} or when used as
# a loop with `with_foo`) to return data that is not marked "unsafe". This means the data may contain
# jinja2 templating language which will be run through the templating engine.
# ENABLING THIS COULD BE A SECURITY RISK
#allow_unsafe_lookups = False

# set default errors for all plays
#any_errors_fatal = False

[inventory]
# enable inventory plugins, default: 'host_list', 'script', 'auto', 'yaml', 'ini', 'toml'
#enable_plugins = host_list, virtualbox, yaml, constructed

# ignore these extensions when parsing a directory as inventory source
#ignore_extensions = .pyc, .pyo, .swp, .bak, ~, .rpm, .md, .txt, ~, .orig, .ini, .cfg, .retry

# ignore files matching these patterns when parsing a directory as inventory source
#ignore_patterns=

# If 'true' unparsed inventory sources become fatal errors, they are warnings otherwise.
#unparsed_is_failed=False

[privilege_escalation]
#become=True
#become_method=sudo
#become_user=root
#become_ask_pass=False

[paramiko_connection]

# uncomment this line to cause the paramiko connection plugin to not record new host
# keys encountered.  Increases performance on new host additions.  Setting works independently of the
# host key checking setting above.
#record_host_keys=False

# by default, Ansible requests a pseudo-terminal for commands executed under sudo. Uncomment this
# line to disable this behaviour.
#pty=False

# paramiko will default to looking for SSH keys initially when trying to
# authenticate to remote devices.  This is a problem for some network devices
# that close the connection after a key failure.  Uncomment this line to
# disable the Paramiko look for keys function
#look_for_keys = False

# When using persistent connections with Paramiko, the connection runs in a
# background process.  If the host doesn't already have a valid SSH key, by
# default Ansible will prompt to add the host key.  This will cause connections
# running in background processes to fail.  Uncomment this line to have
# Paramiko automatically add host keys.
#host_key_auto_add = True

[ssh_connection]

# ssh arguments to use
# Leaving off ControlPersist will result in poor performance, so use
# paramiko on older platforms rather than removing it, -C controls compression use
#ssh_args = -C -o ControlMaster=auto -o ControlPersist=60s

# The base directory for the ControlPath sockets.
# This is the "%(directory)s" in the control_path option
#
# Example:
# control_path_dir = /tmp/.ansible/cp
#control_path_dir = ~/.ansible/cp

# The path to use for the ControlPath sockets. This defaults to a hashed string of the hostname,
# port and username (empty string in the config). The hash mitigates a common problem users
# found with long hostnames and the conventional %(directory)s/ansible-ssh-%%h-%%p-%%r format.
# In those cases, a "too long for Unix domain socket" ssh error would occur.
#
# Example:
# control_path = %(directory)s/%%h-%%r
#control_path =

# Enabling pipelining reduces the number of SSH operations required to
# execute a module on the remote server. This can result in a significant
# performance improvement when enabled, however when using "sudo:" you must
# first disable 'requiretty' in /etc/sudoers
#
# By default, this option is disabled to preserve compatibility with
# sudoers configurations that have requiretty (the default on many distros).
#
#pipelining = False

# Control the mechanism for transferring files (old)
#   * smart = try sftp and then try scp [default]
#   * True = use scp only
#   * False = use sftp only
#scp_if_ssh = smart

# Control the mechanism for transferring files (new)
# If set, this will override the scp_if_ssh option
#   * sftp  = use sftp to transfer files
#   * scp   = use scp to transfer files
#   * piped = use 'dd' over SSH to transfer files
#   * smart = try sftp, scp, and piped, in that order [default]
#transfer_method = smart

# if False, sftp will not use batch mode to transfer files. This may cause some
# types of file transfer failures impossible to catch however, and should
# only be disabled if your sftp version has problems with batch mode
#sftp_batch_mode = False

# The -tt argument is passed to ssh when pipelining is not enabled because sudo
# requires a tty by default.
#usetty = True

# Number of times to retry an SSH connection to a host, in case of UNREACHABLE.
# For each retry attempt, there is an exponential backoff,
# so after the first attempt there is 1s wait, then 2s, 4s etc. up to 30s (max).
#retries = 3

[persistent_connection]

# Configures the persistent connection timeout value in seconds.  This value is
# how long the persistent connection will remain idle before it is destroyed.
# If the connection doesn't receive a request before the timeout value
# expires, the connection is shutdown. The default value is 30 seconds.
#connect_timeout = 30

# The command timeout value defines the amount of time to wait for a command
# or RPC call before timing out. The value for the command timeout must
# be less than the value of the persistent connection idle timeout (connect_timeout)
# The default value is 30 second.
#command_timeout = 30

[accelerate]
#accelerate_port = 5099
#accelerate_timeout = 30
#accelerate_connect_timeout = 5.0

# The daemon timeout is measured in minutes. This time is measured
# from the last activity to the accelerate daemon.
#accelerate_daemon_timeout = 30

# If set to yes, accelerate_multi_key will allow multiple
# private keys to be uploaded to it, though each user must
# have access to the system via SSH to add a new key. The default
# is "no".
#accelerate_multi_key = yes

[selinux]
# file systems that require special treatment when dealing with security context
# the default behaviour that copies the existing context or uses the user default
# needs to be changed to use the file system dependent context.
#special_context_filesystems=nfs,vboxsf,fuse,ramfs,9p,vfat

# Set this to yes to allow libvirt_lxc connections to work without SELinux.
#libvirt_lxc_noseclabel = yes

[colors]
#highlight = white
#verbose = blue
#warn = bright purple
#error = red
#debug = dark gray
#deprecate = purple
#skip = cyan
#unreachable = red
#ok = green
#changed = yellow
#diff_add = green
#diff_remove = red
#diff_lines = cyan


[diff]
# Always print diff when running ( same as always running with -D/--diff )
# always = no

# Set how many context lines to show in diff
# context = 3
root@44f7a95d5c48:/etc/ansible# nano ansible.cfg
root@44f7a95d5c48:/etc/ansible# cat hosts
# This is the default ansible 'hosts' file.
#
# It should live in /etc/ansible/hosts
#
#   - Comments begin with the '#' character
#   - Blank lines are ignored
#   - Groups of hosts are delimited by [header] elements
#   - You can enter hostnames or ip addresses
#   - A hostname/ip can be a member of multiple groups

# Ex 1: Ungrouped hosts, specify before any group headers.

## green.example.com
## blue.example.com
## 192.168.100.1
## 192.168.100.10

# Ex 2: A collection of hosts belonging to the 'webservers' group

[webservers]
## alpha.example.org
## beta.example.org
## 192.168.1.100
## 192.168.1.110
10.0.0.5 ansibel_python_interpreter=/usr/bin/python3
10.0.0.7 ansible_python_interpreter=/usr/bin/python3

# If you have multiple hosts following a pattern you can specify
# them like this:

## www[001:006].example.com

# Ex 3: A collection of database servers in the 'dbservers' group

## [dbservers]
##
## db01.intranet.mydomain.net
## db02.intranet.mydomain.net
## 10.25.1.56
## 10.25.1.57

# Here's another example of host ranges, this time there are no
# leading 0s:

## db-[99:101]-node.example.com

root@44f7a95d5c48:/etc/ansible# ansible-playbook pentest.yml
[WARNING]: While constructing a mapping from /etc/ansible/pentest.yml, line 18, column 5, found a duplicate dict key (name). Using last defined
value only.

ERROR! conflicting action statements: pip, state

The error appears to be in '/etc/ansible/pentest.yml': line 18, column 5, but may
be elsewhere in the file depending on the exact syntax problem.

The offending line appears to be:


  - name: Install Docker python module
    ^ here

root@44f7a95d5c48:/etc/ansible# nano pentest.yml
root@44f7a95d5c48:/etc/ansible# ansible-playbook pentest.yml

PLAY [Config Web VM with Docker] ***************************************************************************************************************

TASK [Gathering Facts] *************************************************************************************************************************
The authenticity of host '10.0.0.7 (10.0.0.7)' can't be established.
ECDSA key fingerprint is SHA256:AFf9W7rk+dOzC+vkNfeA7JEe1ntgUNFcbRc8NEZTO/0.
Are you sure you want to continue connecting (yes/no)? ok: [10.0.0.5]
yes
ok: [10.0.0.7]

TASK [docker.io] *******************************************************************************************************************************
changed: [10.0.0.7]
[WARNING]: Updating cache and auto-installing missing dependency: python-apt

changed: [10.0.0.5]

TASK [Install.pip] *****************************************************************************************************************************
fatal: [10.0.0.5]: FAILED! => {"changed": false, "msg": "No package matching 'python.pip' is available"}
fatal: [10.0.0.7]: FAILED! => {"changed": false, "msg": "No package matching 'python.pip' is available"}

PLAY RECAP *************************************************************************************************************************************
10.0.0.5                   : ok=2    changed=1    unreachable=0    failed=1    skipped=0    rescued=0    ignored=0
10.0.0.7                   : ok=2    changed=1    unreachable=0    failed=1    skipped=0    rescued=0    ignored=0

root@44f7a95d5c48:/etc/ansible# nano pentest.yml
root@44f7a95d5c48:/etc/ansible# ansible-playbook pentest.yml

PLAY [Config Web VM with Docker] ***************************************************************************************************************

TASK [Gathering Facts] *************************************************************************************************************************
ok: [10.0.0.5]
ok: [10.0.0.7]

TASK [docker.io] *******************************************************************************************************************************
ok: [10.0.0.5]
ok: [10.0.0.7]

TASK [Install.pip] *****************************************************************************************************************************
changed: [10.0.0.5]
changed: [10.0.0.7]

TASK [Install Docker python module] ************************************************************************************************************
An exception occurred during task execution. To see the full traceback, use -vvv. The error was: ImportError: No module named pkg_resources
fatal: [10.0.0.5]: FAILED! => {"changed": false, "msg": "Failed to import the required Python library (setuptools) on Web1's Python /usr/bin/python. Please read module documentation and install in the appropriate location. If the required library is installed, but Ansible is using the wrong Python interpreter, please consult the documentation on ansible_python_interpreter"}
changed: [10.0.0.7]

TASK [download and lauch a docker web container] ***********************************************************************************************
changed: [10.0.0.7]

TASK [Enable docker service] *******************************************************************************************************************
changed: [10.0.0.7]

PLAY RECAP *************************************************************************************************************************************
10.0.0.5                   : ok=3    changed=1    unreachable=0    failed=1    skipped=0    rescued=0    ignored=0
10.0.0.7                   : ok=6    changed=4    unreachable=0    failed=0    skipped=0    rescued=0    ignored=0

root@44f7a95d5c48:/etc/ansible# cat hosts
# This is the default ansible 'hosts' file.
#
# It should live in /etc/ansible/hosts
#
#   - Comments begin with the '#' character
#   - Blank lines are ignored
#   - Groups of hosts are delimited by [header] elements
#   - You can enter hostnames or ip addresses
#   - A hostname/ip can be a member of multiple groups

# Ex 1: Ungrouped hosts, specify before any group headers.

## green.example.com
## blue.example.com
## 192.168.100.1
## 192.168.100.10

# Ex 2: A collection of hosts belonging to the 'webservers' group

[webservers]
## alpha.example.org
## beta.example.org
## 192.168.1.100
## 192.168.1.110
10.0.0.5 ansibel_python_interpreter=/usr/bin/python3
10.0.0.7 ansible_python_interpreter=/usr/bin/python3

# If you have multiple hosts following a pattern you can specify
# them like this:

## www[001:006].example.com

# Ex 3: A collection of database servers in the 'dbservers' group

## [dbservers]
##
## db01.intranet.mydomain.net
## db02.intranet.mydomain.net
## 10.25.1.56
## 10.25.1.57

# Here's another example of host ranges, this time there are no
# leading 0s:

## db-[99:101]-node.example.com

root@44f7a95d5c48:/etc/ansible# nano hosts
root@44f7a95d5c48:/etc/ansible# ansible-playbook pentest.yml

PLAY [Config Web VM with Docker] ***************************************************************************************************************

TASK [Gathering Facts] *************************************************************************************************************************
ok: [10.0.0.5]
ok: [10.0.0.7]

TASK [docker.io] *******************************************************************************************************************************
ok: [10.0.0.5]
ok: [10.0.0.7]

TASK [Install.pip] *****************************************************************************************************************************
ok: [10.0.0.5]
ok: [10.0.0.7]

TASK [Install Docker python module] ************************************************************************************************************
ok: [10.0.0.7]
changed: [10.0.0.5]

TASK [download and lauch a docker web container] ***********************************************************************************************
ok: [10.0.0.7]
changed: [10.0.0.5]

TASK [Enable docker service] *******************************************************************************************************************
changed: [10.0.0.5]
ok: [10.0.0.7]

PLAY RECAP *************************************************************************************************************************************
10.0.0.5                   : ok=6    changed=3    unreachable=0    failed=0    skipped=0    rescued=0    ignored=0
10.0.0.7                   : ok=6    changed=0    unreachable=0    failed=0    skipped=0    rescued=0    ignored=0

root@44f7a95d5c48:/etc/ansible# ssh sysadmin@10.0.0.5
Welcome to Ubuntu 18.04.4 LTS (GNU/Linux 5.3.0-1034-azure x86_64)

 * Documentation:  https://help.ubuntu.com
 * Management:     https://landscape.canonical.com
 * Support:        https://ubuntu.com/advantage

  System information as of Fri Aug 14 00:39:01 UTC 2020

  System load:  0.79               Processes:              139
  Usage of /:   10.3% of 28.90GB   Users logged in:        0
  Memory usage: 8%                 IP address for eth0:    10.0.0.5
  Swap usage:   0%                 IP address for docker0: 172.17.0.1

 * Are you ready for Kubernetes 1.19? It's nearly here! Try RC3 with
   sudo snap install microk8s --channel=1.19/candidate --classic

   https://microk8s.io/ has docs and details.

12 packages can be updated.
0 updates are security updates.


Last login: Fri Aug 14 00:38:07 2020 from 10.0.0.4
sysadmin@Web1:~$ sudo docker ps
CONTAINER ID        IMAGE                 COMMAND             CREATED              STATUS              PORTS                NAMES
703898432e7b        cyberxsecurity/dvwa   "/main.sh"          About a minute ago   Up About a minute   0.0.0.0:80->80/tcp   dvwa
sysadmin@Web1:~$ sudo docker start dvwa
dvwa
sysadmin@Web1:~$ curl localhost
sysadmin@Web1:~$ curl localhost/setup.php

<!DOCTYPE html PUBLIC "-//W3C//DTD XHTML 1.0 Strict//EN" "http://www.w3.org/TR/xhtml1/DTD/xhtml1-strict.dtd">

<html xmlns="http://www.w3.org/1999/xhtml">

        <head>
                <meta http-equiv="Content-Type" content="text/html; charset=UTF-8" />

                <title>Setup :: Damn Vulnerable Web Application (DVWA) v1.10 *Development*</title>

                <link rel="stylesheet" type="text/css" href="dvwa/css/main.css" />

                <link rel="icon" type="\image/ico" href="favicon.ico" />

                <script type="text/javascript" src="dvwa/js/dvwaPage.js"></script>

        </head>

        <body class="home">
                <div id="container">

                        <div id="header">

                                <img src="dvwa/images/logo.png" alt="Damn Vulnerable Web Application" />

                        </div>

                        <div id="main_menu">

                                <div id="main_menu_padded">
                                <ul class="menuBlocks"><li class="selected"><a href="setup.php">Setup DVWA</a></li>
<li class=""><a href="instructions.php">Instructions</a></li>
</ul><ul class="menuBlocks"><li class=""><a href="about.php">About</a></li>
</ul>
                                </div>

                        </div>

                        <div id="main_body">


<div class="body_padded">
        <h1>Database Setup <img src="dvwa/images/spanner.png" /></h1>

        <p>Click on the 'Create / Reset Database' button below to create or reset your database.<br />
        If you get an error make sure you have the correct user credentials in: <em>/var/www/html/config/config.inc.php</em></p>

        <p>If the database already exists, <em>it will be cleared and the data will be reset</em>.<br />
        You can also use this to reset the administrator credentials ("<em>admin</em> // <em>password</em>") at any stage.</p>
        <hr />
        <br />

        <h2>Setup Check</h2>

        Operating system: <em>*nix</em><br />
        Backend database: <em>MySQL</em><br />
        PHP version: <em>7.0.30-0+deb9u1</em><br />
        <br />
        Web Server SERVER_NAME: <em>localhost</em><br />
        <br />
        PHP function display_errors: <em>Disabled</em><br />
        PHP function safe_mode: <span class="success">Disabled</span><br/ >
        PHP function allow_url_include: <span class="success">Enabled</span><br/ >
        PHP function allow_url_fopen: <span class="success">Enabled</span><br />
        PHP function magic_quotes_gpc: <span class="success">Disabled</span><br />
        PHP module gd: <span class="success">Installed</span><br />
        PHP module mysql: <span class="success">Installed</span><br />
        PHP module pdo_mysql: <span class="success">Installed</span><br />
        <br />
        MySQL username: <em>app</em><br />
        MySQL password: <em>******</em><br />
        MySQL database: <em>dvwa</em><br />
        MySQL host: <em>127.0.0.1</em><br />
        <br />
        reCAPTCHA key: <span class="failure">Missing</span><br />
        <br />
        [User: www-data] Writable folder /var/www/html/hackable/uploads/: <span class="success">Yes</span><br />
        [User: www-data] Writable file /var/www/html/external/phpids/0.6/lib/IDS/tmp/phpids_log.txt: <span class="success">Yes</span><br />
        <br />
        <br />
        [User: www-data] Writable folder /var/www/html/config: <span class="success">Yes</span>
        <br />
        <i><span class="failure">Status in red</span>, indicate there will be an issue when trying to complete some modules.</i><br />
        <br />
        If you see disabled on either <i>allow_url_fopen</i> or <i>allow_url_include</i>, set the following in your php.ini file and restart Apache.<br />
        <pre><code>allow_url_fopen = On
allow_url_include = On</code></pre>
        These are only required for the file inclusion labs so unless you want to play with those, you can ignore them.

        <br /><br /><br />

        <!-- Create db button -->
        <form action="#" method="post">
                <input name="create_db" type="submit" value="Create / Reset Database">
                <input type='hidden' name='user_token' value='1d9effda1e6e9f32ca7252201342a078' />
        </form>
        <br />
        <hr />
</div>
                                <br /><br />


                        </div>

                        <div class="clear">
                        </div>

                        <div id="system_info">

                        </div>

                        <div id="footer">

                                <p>Damn Vulnerable Web Application (DVWA) v1.10 *Development*</p>
                                <script src='/dvwa/js/add_event_listeners.js'></script>

                        </div>

                </div>

        </body>

</html>sysadmin@Web1:~$ exit
logout
Connection to 10.0.0.5 closed.
root@44f7a95d5c48:/etc/ansible# ssh sysadmin@10.0.0.7
Welcome to Ubuntu 18.04.4 LTS (GNU/Linux 5.3.0-1034-azure x86_64)

 * Documentation:  https://help.ubuntu.com
 * Management:     https://landscape.canonical.com
 * Support:        https://ubuntu.com/advantage

  System information as of Fri Aug 14 00:40:28 UTC 2020

  System load:  0.01               Processes:              124
  Usage of /:   10.3% of 28.90GB   Users logged in:        0
  Memory usage: 29%                IP address for eth0:    10.0.0.7
  Swap usage:   0%                 IP address for docker0: 172.17.0.1

 * Are you ready for Kubernetes 1.19? It's nearly here! Try RC3 with
   sudo snap install microk8s --channel=1.19/candidate --classic

   https://microk8s.io/ has docs and details.

12 packages can be updated.
0 updates are security updates.


Last login: Fri Aug 14 00:38:07 2020 from 10.0.0.4
sysadmin@Web2:~$ curl localhost/setup.php

<!DOCTYPE html PUBLIC "-//W3C//DTD XHTML 1.0 Strict//EN" "http://www.w3.org/TR/xhtml1/DTD/xhtml1-strict.dtd">

<html xmlns="http://www.w3.org/1999/xhtml">

        <head>
                <meta http-equiv="Content-Type" content="text/html; charset=UTF-8" />

                <title>Setup :: Damn Vulnerable Web Application (DVWA) v1.10 *Development*</title>

                <link rel="stylesheet" type="text/css" href="dvwa/css/main.css" />

                <link rel="icon" type="\image/ico" href="favicon.ico" />

                <script type="text/javascript" src="dvwa/js/dvwaPage.js"></script>

        </head>

        <body class="home">
                <div id="container">

                        <div id="header">

                                <img src="dvwa/images/logo.png" alt="Damn Vulnerable Web Application" />

                        </div>

                        <div id="main_menu">

                                <div id="main_menu_padded">
                                <ul class="menuBlocks"><li class="selected"><a href="setup.php">Setup DVWA</a></li>
<li class=""><a href="instructions.php">Instructions</a></li>
</ul><ul class="menuBlocks"><li class=""><a href="about.php">About</a></li>
</ul>
                                </div>

                        </div>

                        <div id="main_body">


<div class="body_padded">
        <h1>Database Setup <img src="dvwa/images/spanner.png" /></h1>

        <p>Click on the 'Create / Reset Database' button below to create or reset your database.<br />
        If you get an error make sure you have the correct user credentials in: <em>/var/www/html/config/config.inc.php</em></p>

        <p>If the database already exists, <em>it will be cleared and the data will be reset</em>.<br />
        You can also use this to reset the administrator credentials ("<em>admin</em> // <em>password</em>") at any stage.</p>
        <hr />
        <br />

        <h2>Setup Check</h2>

        Operating system: <em>*nix</em><br />
        Backend database: <em>MySQL</em><br />
        PHP version: <em>7.0.30-0+deb9u1</em><br />
        <br />
        Web Server SERVER_NAME: <em>localhost</em><br />
        <br />
        PHP function display_errors: <em>Disabled</em><br />
        PHP function safe_mode: <span class="success">Disabled</span><br/ >
        PHP function allow_url_include: <span class="success">Enabled</span><br/ >
        PHP function allow_url_fopen: <span class="success">Enabled</span><br />
        PHP function magic_quotes_gpc: <span class="success">Disabled</span><br />
        PHP module gd: <span class="success">Installed</span><br />
        PHP module mysql: <span class="success">Installed</span><br />
        PHP module pdo_mysql: <span class="success">Installed</span><br />
        <br />
        MySQL username: <em>app</em><br />
        MySQL password: <em>******</em><br />
        MySQL database: <em>dvwa</em><br />
        MySQL host: <em>127.0.0.1</em><br />
        <br />
        reCAPTCHA key: <span class="failure">Missing</span><br />
        <br />
        [User: www-data] Writable folder /var/www/html/hackable/uploads/: <span class="success">Yes</span><br />
        [User: www-data] Writable file /var/www/html/external/phpids/0.6/lib/IDS/tmp/phpids_log.txt: <span class="success">Yes</span><br />
        <br />
        <br />
        [User: www-data] Writable folder /var/www/html/config: <span class="success">Yes</span>
        <br />
        <i><span class="failure">Status in red</span>, indicate there will be an issue when trying to complete some modules.</i><br />
        <br />
        If you see disabled on either <i>allow_url_fopen</i> or <i>allow_url_include</i>, set the following in your php.ini file and restart Apache.<br />
        <pre><code>allow_url_fopen = On
allow_url_include = On</code></pre>
        These are only required for the file inclusion labs so unless you want to play with those, you can ignore them.

        <br /><br /><br />

        <!-- Create db button -->
        <form action="#" method="post">
                <input name="create_db" type="submit" value="Create / Reset Database">
                <input type='hidden' name='user_token' value='c1a5676e66721303d398ff22fd2678a4' />
        </form>
        <br />
        <hr />
</div>
                                <br /><br />


                        </div>

                        <div class="clear">
                        </div>

                        <div id="system_info">

                        </div>

                        <div id="footer">

                                <p>Damn Vulnerable Web Application (DVWA) v1.10 *Development*</p>
                                <script src='/dvwa/js/add_event_listeners.js'></script>

                        </div>

                </div>

        </body>

</html>sysadmin@Web2:~$
